
> frontend@0.1.0 build
> react-scripts build

Creating an optimized production build...
node.exe : Browserslist: browsers data 
(caniuse-lite) is 13 months old. Please run:
At C:\Program Files\nodejs\npm.ps1:29 char:3
+   & $NODE_EXE $NPM_CLI_JS $args
+   ~~~~~~~~~~~~~~~~~~~~~~~~~~~~~
    + CategoryInfo          : NotSpecified:  
   (Browserslist: b...ld. Please run::Strin  
  g) [], RemoteException
    + FullyQualifiedErrorId : NativeCommandE 
   rror
 
  npx update-browserslist-db@latest
  Why you should do it regularly: https://git
hub.com/browserslist/update-db#readme
Browserslist: browsers data (caniuse-lite) 
is 13 months old. Please run:
  npx update-browserslist-db@latest
  Why you should do it regularly: https://git
hub.com/browserslist/update-db#readme

Treating warnings as errors because process.env.CI = true.
Most CI servers set it automatically.

Failed to compile.

[eslint] 
src\components\DashboardLayout.jsx
  Line 16:5:  'Container' is defined but never used  no-unused-vars


