src/components/ui/accordian.tsx(9,14): error TS2503: Cannot find namespace 'React'.
